Archive member included to satisfy reference by file (symbol)

/usr/local/Cellar/arm-none-eabi-gcc/9-2019-q4-major/gcc/bin/../lib/gcc/arm-none-eabi/9.2.1/thumb/v6-m/nofp/libgcc.a(_dvmd_tls.o)
                              CMakeFiles/pico_rom.dir/Users/nickbild/working/pico_sdk/pico-sdk/src/rp2_common/pico_divider/divider.S.obj (__aeabi_idiv0)
/usr/local/Cellar/arm-none-eabi-gcc/9-2019-q4-major/gcc/bin/../lib/gcc/arm-none-eabi/9.2.1/../../../../arm-none-eabi/lib/thumb/v6-m/nofp/libc.a(lib_a-calloc.o)
                              CMakeFiles/pico_rom.dir/Users/nickbild/working/pico_sdk/pico-sdk/src/rp2_common/pico_malloc/pico_malloc.c.obj (calloc)
/usr/local/Cellar/arm-none-eabi-gcc/9-2019-q4-major/gcc/bin/../lib/gcc/arm-none-eabi/9.2.1/../../../../arm-none-eabi/lib/thumb/v6-m/nofp/libc.a(lib_a-callocr.o)
                              /usr/local/Cellar/arm-none-eabi-gcc/9-2019-q4-major/gcc/bin/../lib/gcc/arm-none-eabi/9.2.1/../../../../arm-none-eabi/lib/thumb/v6-m/nofp/libc.a(lib_a-calloc.o) (_calloc_r)
/usr/local/Cellar/arm-none-eabi-gcc/9-2019-q4-major/gcc/bin/../lib/gcc/arm-none-eabi/9.2.1/../../../../arm-none-eabi/lib/thumb/v6-m/nofp/libc.a(lib_a-impure.o)
                              /usr/local/Cellar/arm-none-eabi-gcc/9-2019-q4-major/gcc/bin/../lib/gcc/arm-none-eabi/9.2.1/../../../../arm-none-eabi/lib/thumb/v6-m/nofp/libc.a(lib_a-calloc.o) (_impure_ptr)
/usr/local/Cellar/arm-none-eabi-gcc/9-2019-q4-major/gcc/bin/../lib/gcc/arm-none-eabi/9.2.1/../../../../arm-none-eabi/lib/thumb/v6-m/nofp/libc.a(lib_a-init.o)
                              /usr/local/Cellar/arm-none-eabi-gcc/9-2019-q4-major/gcc/bin/../lib/gcc/arm-none-eabi/9.2.1/../../../../arm-none-eabi/lib/thumb/v6-m/nofp/crt0.o (__libc_init_array)
/usr/local/Cellar/arm-none-eabi-gcc/9-2019-q4-major/gcc/bin/../lib/gcc/arm-none-eabi/9.2.1/../../../../arm-none-eabi/lib/thumb/v6-m/nofp/libc.a(lib_a-malloc.o)
                              CMakeFiles/pico_rom.dir/Users/nickbild/working/pico_sdk/pico-sdk/src/rp2_common/pico_malloc/pico_malloc.c.obj (malloc)
/usr/local/Cellar/arm-none-eabi-gcc/9-2019-q4-major/gcc/bin/../lib/gcc/arm-none-eabi/9.2.1/../../../../arm-none-eabi/lib/thumb/v6-m/nofp/libc.a(lib_a-mallocr.o)
                              /usr/local/Cellar/arm-none-eabi-gcc/9-2019-q4-major/gcc/bin/../lib/gcc/arm-none-eabi/9.2.1/../../../../arm-none-eabi/lib/thumb/v6-m/nofp/libc.a(lib_a-callocr.o) (_malloc_r)
/usr/local/Cellar/arm-none-eabi-gcc/9-2019-q4-major/gcc/bin/../lib/gcc/arm-none-eabi/9.2.1/../../../../arm-none-eabi/lib/thumb/v6-m/nofp/libc.a(lib_a-mlock.o)
                              /usr/local/Cellar/arm-none-eabi-gcc/9-2019-q4-major/gcc/bin/../lib/gcc/arm-none-eabi/9.2.1/../../../../arm-none-eabi/lib/thumb/v6-m/nofp/libc.a(lib_a-mallocr.o) (__malloc_lock)
/usr/local/Cellar/arm-none-eabi-gcc/9-2019-q4-major/gcc/bin/../lib/gcc/arm-none-eabi/9.2.1/../../../../arm-none-eabi/lib/thumb/v6-m/nofp/libc.a(lib_a-sbrkr.o)
                              /usr/local/Cellar/arm-none-eabi-gcc/9-2019-q4-major/gcc/bin/../lib/gcc/arm-none-eabi/9.2.1/../../../../arm-none-eabi/lib/thumb/v6-m/nofp/libc.a(lib_a-mallocr.o) (_sbrk_r)
/usr/local/Cellar/arm-none-eabi-gcc/9-2019-q4-major/gcc/bin/../lib/gcc/arm-none-eabi/9.2.1/../../../../arm-none-eabi/lib/thumb/v6-m/nofp/libc.a(lib_a-strlen-stub.o)
                              CMakeFiles/pico_rom.dir/Users/nickbild/working/pico_sdk/pico-sdk/src/rp2_common/pico_stdio/stdio.c.obj (strlen)
/usr/local/Cellar/arm-none-eabi-gcc/9-2019-q4-major/gcc/bin/../lib/gcc/arm-none-eabi/9.2.1/../../../../arm-none-eabi/lib/thumb/v6-m/nofp/libc.a(lib_a-freer.o)
                              /usr/local/Cellar/arm-none-eabi-gcc/9-2019-q4-major/gcc/bin/../lib/gcc/arm-none-eabi/9.2.1/../../../../arm-none-eabi/lib/thumb/v6-m/nofp/libc.a(lib_a-malloc.o) (_free_r)
/usr/local/Cellar/arm-none-eabi-gcc/9-2019-q4-major/gcc/bin/../lib/gcc/arm-none-eabi/9.2.1/../../../../arm-none-eabi/lib/thumb/v6-m/nofp/libc.a(lib_a-lock.o)
                              /usr/local/Cellar/arm-none-eabi-gcc/9-2019-q4-major/gcc/bin/../lib/gcc/arm-none-eabi/9.2.1/../../../../arm-none-eabi/lib/thumb/v6-m/nofp/libc.a(lib_a-mlock.o) (__retarget_lock_acquire_recursive)
/usr/local/Cellar/arm-none-eabi-gcc/9-2019-q4-major/gcc/bin/../lib/gcc/arm-none-eabi/9.2.1/../../../../arm-none-eabi/lib/thumb/v6-m/nofp/libc.a(lib_a-reent.o)
                              /usr/local/Cellar/arm-none-eabi-gcc/9-2019-q4-major/gcc/bin/../lib/gcc/arm-none-eabi/9.2.1/../../../../arm-none-eabi/lib/thumb/v6-m/nofp/libc.a(lib_a-sbrkr.o) (errno)

Allocating common symbols
Common symbol       size              file

__lock___atexit_recursive_mutex
                    0x1               /usr/local/Cellar/arm-none-eabi-gcc/9-2019-q4-major/gcc/bin/../lib/gcc/arm-none-eabi/9.2.1/../../../../arm-none-eabi/lib/thumb/v6-m/nofp/libc.a(lib_a-lock.o)
sf_table            0x100             CMakeFiles/pico_rom.dir/Users/nickbild/working/pico_sdk/pico-sdk/src/rp2_common/pico_float/float_init_rom.c.obj
[...]
Memory Configuration

Name             Origin             Length             Attributes
FLASH            0x0000000010000000 0x0000000000200000 xr
RAM              0x0000000020000000 0x0000000000040000 xrw
SCRATCH_X        0x0000000020040000 0x0000000000001000 xrw
SCRATCH_Y        0x0000000020041000 0x0000000000001000 xrw
*default*        0x0000000000000000 0xffffffffffffffff

Linker script and memory map

LOAD /usr/local/Cellar/arm-none-eabi-gcc/9-2019-q4-major/gcc/bin/../lib/gcc/arm-none-eabi/9.2.1/thumb/v6-m/nofp/crti.o
LOAD /usr/local/Cellar/arm-none-eabi-gcc/9-2019-q4-major/gcc/bin/../lib/gcc/arm-none-eabi/9.2.1/thumb/v6-m/nofp/crtbegin.o
LOAD /usr/local/Cellar/arm-none-eabi-gcc/9-2019-q4-major/gcc/bin/../lib/gcc/arm-none-eabi/9.2.1/../../../../arm-none-eabi/lib/thumb/v6-m/nofp/crt0.o

.flash_begin    0x0000000010000000        0x0
                0x0000000010000000                __flash_binary_start = .

.boot2          0x0000000010000000      0x100
                0x0000000010000000                __boot2_start__ = .
 *(.boot2)
 .boot2         0x0000000010000000      0x100 /var/folders/95/mwwtsfmx2_59nhnnl3dm94gw0000gn/T//ccpecTJe.o
                0x0000000010000100                __boot2_end__ = .
                0x0000000000000001                ASSERT (((__boot2_end__ - __boot2_start__) == 0x100), ERROR: Pico second stage bootloader must be 256 bytes in size)

.text           0x0000000010000100     0x5ad0
                0x0000000010000100                __logical_binary_start = .
 *(.vectors)
 .vectors       0x0000000010000100       0xd4 CMakeFiles/pico_rom.dir/Users/nickbild/working/pico_sdk/pico-sdk/src/rp2_common/pico_standard_link/crt0.S.obj
                0x0000000010000100                __vectors
                0x00000000100001c0                isr_invalid
                0x00000000100001c2                isr_nmi
                0x00000000100001c4                isr_hardfault
                0x00000000100001c6                isr_svcall
                0x00000000100001c8                isr_pendsv
                0x00000000100001ca                isr_systick
                0x00000000100001cc                isr_irq23
                0x00000000100001cc                isr_irq18
                0x00000000100001cc                isr_irq28
                0x00000000100001cc                isr_irq19
                0x00000000100001cc                isr_irq0
                0x00000000100001cc                isr_irq6
                0x00000000100001cc                isr_irq22
                0x00000000100001cc                isr_irq17
                0x00000000100001cc                isr_irq14
                0x00000000100001cc                isr_irq2
                0x00000000100001cc                isr_irq10
                0x00000000100001cc                isr_irq8
                0x00000000100001cc                isr_irq24
                0x00000000100001cc                isr_irq1
                0x00000000100001cc                isr_irq7
                0x00000000100001cc                isr_irq21
                0x00000000100001cc                isr_irq20
                0x00000000100001cc                isr_irq15
                0x00000000100001cc                isr_irq25
                0x00000000100001cc                isr_irq4
                0x00000000100001cc                isr_irq16
                0x00000000100001cc                isr_irq29
                0x00000000100001cc                isr_irq26
                0x00000000100001cc                isr_irq3
                0x00000000100001cc                isr_irq9
                0x00000000100001cc                __unhandled_user_irq
                0x00000000100001cc                isr_irq13
                0x00000000100001cc                isr_irq27
                0x00000000100001cc                isr_irq31
                0x00000000100001cc                isr_irq5
                0x00000000100001cc                isr_irq11
                0x00000000100001cc                isr_irq30
                0x00000000100001cc                isr_irq12
                0x00000000100001d2                unhandled_user_irq_num_in_r0
 *(.binary_info_header)
 .binary_info_header
                0x00000000100001d4       0x14 CMakeFiles/pico_rom.dir/Users/nickbild/working/pico_sdk/pico-sdk/src/rp2_common/pico_standard_link/crt0.S.obj
                0x00000000100001e8                __binary_info_header_end = .
 *(.reset)
 .reset         0x00000000100001e8       0xa8 CMakeFiles/pico_rom.dir/Users/nickbild/working/pico_sdk/pico-sdk/src/rp2_common/pico_standard_link/crt0.S.obj
                0x00000000100001e8                _entry_point
                0x0000000010000266                __get_current_exception
 .reset         0x0000000010000290       0x30 CMakeFiles/pico_rom.dir/Users/nickbild/working/pico_sdk/pico-sdk/src/rp2_common/pico_standard_link/binary_info.c.obj
 *(.init)
 .init          0x00000000100002c0        0x4 /usr/local/Cellar/arm-none-eabi-gcc/9-2019-q4-major/gcc/bin/../lib/gcc/arm-none-eabi/9.2.1/thumb/v6-m/nofp/crti.o
                0x00000000100002c0                _init
 *(EXCLUDE_FILE(*libm.a: *libc.a:*lib_a-mem*.o *libgcc.a:) .text*)
 .text          0x00000000100002c4       0x48 /usr/local/Cellar/arm-none-eabi-gcc/9-2019-q4-major/gcc/bin/../lib/gcc/arm-none-eabi/9.2.1/thumb/v6-m/nofp/crtbegin.o
 .text.setup_gpio
                0x000000001000030c      0x10c CMakeFiles/pico_rom.dir/rom.c.obj
                0x000000001000030c                setup_gpio
 .text.setup_rom_contents
                0x0000000010000418     0x3a28 CMakeFiles/pico_rom.dir/rom.c.obj
                0x0000000010000418                setup_rom_contents
 .text.startup.main
                0x0000000010003e40       0x40 CMakeFiles/pico_rom.dir/rom.c.obj
                0x0000000010003e40                main
 .text.set_sys_clock_pll
                0x0000000010003e80       0x78 CMakeFiles/pico_rom.dir/Users/nickbild/working/pico_sdk/pico-sdk/src/rp2_common/pico_stdlib/stdlib.c.obj
                0x0000000010003e80                set_sys_clock_pll
 .text.gpio_init
                0x0000000010003ef8       0x3c CMakeFiles/pico_rom.dir/Users/nickbild/working/pico_sdk/pico-sdk/src/rp2_common/hardware_gpio/gpio.c.obj
                0x0000000010003ef8                gpio_init
 .text.hw_claim_or_assert
                0x0000000010003f34       0x60 CMakeFiles/pico_rom.dir/Users/nickbild/working/pico_sdk/pico-sdk/src/rp2_common/hardware_claim/claim.c.obj
                0x0000000010003f34                hw_claim_or_assert
 .text.spin_locks_reset
                0x0000000010003f94       0x1c CMakeFiles/pico_rom.dir/Users/nickbild/working/pico_sdk/pico-sdk/src/rp2_common/hardware_sync/sync.c.obj
                0x0000000010003f94                spin_locks_reset
 .text.next_striped_spin_lock_num
                0x0000000010003fb0       0x18 CMakeFiles/pico_rom.dir/Users/nickbild/working/pico_sdk/pico-sdk/src/rp2_common/hardware_sync/sync.c.obj
                0x0000000010003fb0                next_striped_spin_lock_num
 .text.running_on_fpga
                0x0000000010003fc8       0x10 CMakeFiles/pico_rom.dir/Users/nickbild/working/pico_sdk/pico-sdk/src/rp2_common/pico_platform/platform.c.obj
                0x0000000010003fc8                running_on_fpga
 .text.timer_pool_entry_comparator
                0x0000000010003fd8       0x34 CMakeFiles/pico_rom.dir/Users/nickbild/working/pico_sdk/pico-sdk/src/common/pico_time/time.c.obj
                0x0000000010003fd8                timer_pool_entry_comparator
 .text.add_alarm_under_lock
                0x000000001000400c      0x108 CMakeFiles/pico_rom.dir/Users/nickbild/working/pico_sdk/pico-sdk/src/common/pico_time/time.c.obj
 .text.alarm_pool_alarm_callback
                0x0000000010004114      0x1b0 CMakeFiles/pico_rom.dir/Users/nickbild/working/pico_sdk/pico-sdk/src/common/pico_time/time.c.obj
 .text.alarm_pool_init_default
                0x00000000100042c4       0x58 CMakeFiles/pico_rom.dir/Users/nickbild/working/pico_sdk/pico-sdk/src/common/pico_time/time.c.obj
                0x00000000100042c4                alarm_pool_init_default
 .text.hardware_alarm_irq_handler
                0x000000001000431c       0xb8 CMakeFiles/pico_rom.dir/Users/nickbild/working/pico_sdk/pico-sdk/src/rp2_common/hardware_timer/timer.c.obj
 .text.hardware_alarm_claim
                0x00000000100043d4       0x18 CMakeFiles/pico_rom.dir/Users/nickbild/working/pico_sdk/pico-sdk/src/rp2_common/hardware_timer/timer.c.obj
                0x00000000100043d4                hardware_alarm_claim
 .text.time_us_64
                0x00000000100043ec       0x14 CMakeFiles/pico_rom.dir/Users/nickbild/working/pico_sdk/pico-sdk/src/rp2_common/hardware_timer/timer.c.obj
                0x00000000100043ec                time_us_64
 .text.hardware_alarm_set_callback
                0x0000000010004400       0x8c CMakeFiles/pico_rom.dir/Users/nickbild/working/pico_sdk/pico-sdk/src/rp2_common/hardware_timer/timer.c.obj
                0x0000000010004400                hardware_alarm_set_callback
 .text.hardware_alarm_set_target
                0x000000001000448c       0xdc CMakeFiles/pico_rom.dir/Users/nickbild/working/pico_sdk/pico-sdk/src/rp2_common/hardware_timer/timer.c.obj
                0x000000001000448c                hardware_alarm_set_target
 .text.hardware_alarm_cancel
                0x0000000010004568       0x40 CMakeFiles/pico_rom.dir/Users/nickbild/working/pico_sdk/pico-sdk/src/rp2_common/hardware_timer/timer.c.obj
                0x0000000010004568                hardware_alarm_cancel
 .text.lock_init
                0x00000000100045a8       0x10 CMakeFiles/pico_rom.dir/Users/nickbild/working/pico_sdk/pico-sdk/src/common/pico_sync/lock_core.c.obj
                0x00000000100045a8                lock_init
 .text.mutex_init
                0x00000000100045b8       0x1c CMakeFiles/pico_rom.dir/Users/nickbild/working/pico_sdk/pico-sdk/src/common/pico_sync/mutex.c.obj
                0x00000000100045b8                mutex_init
 .text.ph_merge_nodes
                0x00000000100045d4       0x68 CMakeFiles/pico_rom.dir/Users/nickbild/working/pico_sdk/pico-sdk/src/common/pico_util/pheap.c.obj
 .text.ph_post_alloc_init
                0x000000001000463c       0x3c CMakeFiles/pico_rom.dir/Users/nickbild/working/pico_sdk/pico-sdk/src/common/pico_util/pheap.c.obj
                0x000000001000463c                ph_post_alloc_init
 .text.ph_merge_two_pass
                0x0000000010004678       0x90 CMakeFiles/pico_rom.dir/Users/nickbild/working/pico_sdk/pico-sdk/src/common/pico_util/pheap.c.obj
                0x0000000010004678                ph_merge_two_pass
 .text.ph_remove_any_head
                0x0000000010004708       0xf8 CMakeFiles/pico_rom.dir/Users/nickbild/working/pico_sdk/pico-sdk/src/common/pico_util/pheap.c.obj
 .text.ph_remove_head
                0x0000000010004800      0x13c CMakeFiles/pico_rom.dir/Users/nickbild/working/pico_sdk/pico-sdk/src/common/pico_util/pheap.c.obj
                0x0000000010004800                ph_remove_head
 .text.ph_remove_and_free_node
                0x000000001000493c       0x7c CMakeFiles/pico_rom.dir/Users/nickbild/working/pico_sdk/pico-sdk/src/common/pico_util/pheap.c.obj
                0x000000001000493c                ph_remove_and_free_node
 .text.runtime_init
                0x00000000100049b8       0xec CMakeFiles/pico_rom.dir/Users/nickbild/working/pico_sdk/pico-sdk/src/rp2_common/pico_runtime/runtime.c.obj
                0x00000000100049b8                runtime_init
 .text.exit     0x0000000010004aa4        0x4 CMakeFiles/pico_rom.dir/Users/nickbild/working/pico_sdk/pico-sdk/src/rp2_common/pico_runtime/runtime.c.obj
                0x0000000010004aa4                exit
 .text.panic    0x0000000010004aa8       0x30 CMakeFiles/pico_rom.dir/Users/nickbild/working/pico_sdk/pico-sdk/src/rp2_common/pico_runtime/runtime.c.obj
                0x0000000010004aa8                panic
 .text.hard_assertion_failure
                0x0000000010004ad8        0xc CMakeFiles/pico_rom.dir/Users/nickbild/working/pico_sdk/pico-sdk/src/rp2_common/pico_runtime/runtime.c.obj
                0x0000000010004ad8                hard_assertion_failure
 .text.clock_configure
                0x0000000010004ae4       0xf0 CMakeFiles/pico_rom.dir/Users/nickbild/working/pico_sdk/pico-sdk/src/rp2_common/hardware_clocks/clocks.c.obj
                0x0000000010004ae4                clock_configure
 .text.clocks_init
                0x0000000010004bd4      0x2e0 CMakeFiles/pico_rom.dir/Users/nickbild/working/pico_sdk/pico-sdk/src/rp2_common/hardware_clocks/clocks.c.obj
                0x0000000010004bd4                clocks_init
 .text.watchdog_start_tick
                0x0000000010004eb4       0x10 CMakeFiles/pico_rom.dir/Users/nickbild/working/pico_sdk/pico-sdk/src/rp2_common/hardware_watchdog/watchdog.c.obj
                0x0000000010004eb4                watchdog_start_tick
 .text.xosc_init
                0x0000000010004ec4       0x28 CMakeFiles/pico_rom.dir/Users/nickbild/working/pico_sdk/pico-sdk/src/rp2_common/hardware_xosc/xosc.c.obj
                0x0000000010004ec4                xosc_init
 .text.pll_init
                0x0000000010004eec       0x54 CMakeFiles/pico_rom.dir/Users/nickbild/working/pico_sdk/pico-sdk/src/rp2_common/hardware_pll/pll.c.obj
                0x0000000010004eec                pll_init
 .text.vreg_set_voltage
                0x0000000010004f40       0x1c CMakeFiles/pico_rom.dir/Users/nickbild/working/pico_sdk/pico-sdk/src/rp2_common/hardware_vreg/vreg.c.obj
                0x0000000010004f40                vreg_set_voltage
 .text.irq_set_enabled
                0x0000000010004f5c       0x24 CMakeFiles/pico_rom.dir/Users/nickbild/working/pico_sdk/pico-sdk/src/rp2_common/hardware_irq/irq.c.obj
                0x0000000010004f5c                irq_set_enabled
 .text.irq_get_vtable_handler
                0x0000000010004f80       0x10 CMakeFiles/pico_rom.dir/Users/nickbild/working/pico_sdk/pico-sdk/src/rp2_common/hardware_irq/irq.c.obj
                0x0000000010004f80                irq_get_vtable_handler
 .text.irq_set_exclusive_handler
                0x0000000010004f90       0x54 CMakeFiles/pico_rom.dir/Users/nickbild/working/pico_sdk/pico-sdk/src/rp2_common/hardware_irq/irq.c.obj
                0x0000000010004f90                irq_set_exclusive_handler
 .text.irq_remove_handler
                0x0000000010004fe4      0x1b8 CMakeFiles/pico_rom.dir/Users/nickbild/working/pico_sdk/pico-sdk/src/rp2_common/hardware_irq/irq.c.obj
                0x0000000010004fe4                irq_remove_handler
 .text.irq_add_tail_to_free_list
                0x000000001000519c       0xb8 CMakeFiles/pico_rom.dir/Users/nickbild/working/pico_sdk/pico-sdk/src/rp2_common/hardware_irq/irq.c.obj
                0x000000001000519c                irq_add_tail_to_free_list
 .text.irq_init_priorities
                0x0000000010005254       0x38 CMakeFiles/pico_rom.dir/Users/nickbild/working/pico_sdk/pico-sdk/src/rp2_common/hardware_irq/irq.c.obj
                0x0000000010005254                irq_init_priorities
 .text._out_char
                0x000000001000528c       0x10 CMakeFiles/pico_rom.dir/Users/nickbild/working/pico_sdk/pico-sdk/src/rp2_common/pico_printf/printf.c.obj
 .text.weak_raw_vprintf
                0x000000001000529c       0x30 CMakeFiles/pico_rom.dir/Users/nickbild/working/pico_sdk/pico-sdk/src/rp2_common/pico_printf/printf.c.obj
                0x000000001000529c                weak_raw_vprintf
 .text          0x00000000100052cc       0x10 CMakeFiles/pico_rom.dir/Users/nickbild/working/pico_sdk/pico-sdk/src/rp2_common/pico_bit_ops/bit_ops_aeabi.S.obj
 .text.rom_func_lookup
                0x00000000100052dc       0x10 CMakeFiles/pico_rom.dir/Users/nickbild/working/pico_sdk/pico-sdk/src/rp2_common/pico_bootrom/bootrom.c.obj
                0x00000000100052dc                rom_func_lookup
 .text.rom_data_lookup
                0x00000000100052ec       0x10 CMakeFiles/pico_rom.dir/Users/nickbild/working/pico_sdk/pico-sdk/src/rp2_common/pico_bootrom/bootrom.c.obj
                0x00000000100052ec                rom_data_lookup
 .text.rom_funcs_lookup
                0x00000000100052fc       0x3c CMakeFiles/pico_rom.dir/Users/nickbild/working/pico_sdk/pico-sdk/src/rp2_common/pico_bootrom/bootrom.c.obj
                0x00000000100052fc                rom_funcs_lookup
 .text.__wrap___aeabi_uidiv
                0x0000000010005338       0x54 CMakeFiles/pico_rom.dir/Users/nickbild/working/pico_sdk/pico-sdk/src/rp2_common/pico_divider/divider.S.obj
                0x0000000010005338                __wrap___aeabi_uidiv
                0x0000000010005338                __wrap___aeabi_uidivmod
                0x0000000010005338                div_u32u32
                0x0000000010005338                divmod_u32u32
                0x0000000010005340                divmod_u32u32_unsafe
                0x0000000010005368                divmod_u32u32_savestate
 .text.__wrap___aeabi_ldiv
                0x000000001000538c      0x430 CMakeFiles/pico_rom.dir/Users/nickbild/working/pico_sdk/pico-sdk/src/rp2_common/pico_divider/divider.S.obj
                0x000000001000538c                __wrap___aeabi_ldivmod
                0x000000001000538c                div_s64s64
                0x000000001000538c                divmod_s64s64
                0x00000000100053c4                divmod_u64u64
                0x00000000100053c4                div_u64u64
                0x00000000100053c4                __wrap___aeabi_uldivmod
                0x00000000100053d4                divmod_u64u64_savestate
                0x00000000100053fc                divmod_s64s64_unsafe
                0x0000000010005484                divmod_u64u64_unsafe
 .text.__aeabi_double_init
                0x00000000100057bc       0xac CMakeFiles/pico_rom.dir/Users/nickbild/working/pico_sdk/pico-sdk/src/rp2_common/pico_double/double_init_rom.c.obj
                0x00000000100057bc                __aeabi_double_init
 .text.double_table_shim_on_use_helper
                0x0000000010005868       0x2c CMakeFiles/pico_rom.dir/Users/nickbild/working/pico_sdk/pico-sdk/src/rp2_common/pico_double/double_v1_rom_shim.S.obj
                0x0000000010005868                double_table_shim_on_use_helper
 .text.__aeabi_float_init
                0x0000000010005894       0x64 CMakeFiles/pico_rom.dir/Users/nickbild/working/pico_sdk/pico-sdk/src/rp2_common/pico_float/float_init_rom.c.obj
                0x0000000010005894                __aeabi_float_init
 .text.float_table_shim_on_use_helper
                0x00000000100058f8       0x2c CMakeFiles/pico_rom.dir/Users/nickbild/working/pico_sdk/pico-sdk/src/rp2_common/pico_float/float_v1_rom_shim.S.obj
                0x00000000100058f8                float_table_shim_on_use_helper
 .text          0x0000000010005924       0x10 CMakeFiles/pico_rom.dir/Users/nickbild/working/pico_sdk/pico-sdk/src/rp2_common/pico_mem_ops/mem_ops_aeabi.S.obj
                0x0000000010005924                __aeabi_mem_init
 .text.memcpy   0x0000000010005934        0xc CMakeFiles/pico_rom.dir/Users/nickbild/working/pico_sdk/pico-sdk/src/rp2_common/pico_mem_ops/mem_ops_aeabi.S.obj
                0x0000000010005934                __wrap___aeabi_memcpy
                0x0000000010005934                __wrap_memcpy
 .text.stdio_out_chars_crlf.part.0
                0x0000000010005940       0x84 CMakeFiles/pico_rom.dir/Users/nickbild/working/pico_sdk/pico-sdk/src/rp2_common/pico_stdio/stdio.c.obj
 .text.stdio_put_string
                0x00000000100059c4      0x100 CMakeFiles/pico_rom.dir/Users/nickbild/working/pico_sdk/pico-sdk/src/rp2_common/pico_stdio/stdio.c.obj
 .text.__wrap_putchar
                0x0000000010005ac4       0x1c CMakeFiles/pico_rom.dir/Users/nickbild/working/pico_sdk/pico-sdk/src/rp2_common/pico_stdio/stdio.c.obj
                0x0000000010005ac4                __wrap_putchar
 .text.__wrap_puts
                0x0000000010005ae0       0x3c CMakeFiles/pico_rom.dir/Users/nickbild/working/pico_sdk/pico-sdk/src/rp2_common/pico_stdio/stdio.c.obj
                0x0000000010005ae0                __wrap_puts
 .text.strlen   0x0000000010005b1c       0x5c /usr/local/Cellar/arm-none-eabi-gcc/9-2019-q4-major/gcc/bin/../lib/gcc/arm-none-eabi/9.2.1/../../../../arm-none-eabi/lib/thumb/v6-m/nofp/libc.a(lib_a-strlen-stub.o)
                0x0000000010005b1c                strlen
 *(.fini)
 .fini          0x0000000010005b78        0x4 /usr/local/Cellar/arm-none-eabi-gcc/9-2019-q4-major/gcc/bin/../lib/gcc/arm-none-eabi/9.2.1/thumb/v6-m/nofp/crti.o
                0x0000000010005b78                _fini
 *fill*         0x0000000010005b7c        0x4 
 .fini.__stub   0x0000000010005b80       0x50 linker stubs
 *crtbegin.o(.ctors)
 *crtbegin?.o(.ctors)
 *(EXCLUDE_FILE(*crtend.o *crtend?.o) .ctors)
 *(SORT_BY_NAME(.ctors.*))
 *(.ctors)
 *crtbegin.o(.dtors)
 *crtbegin?.o(.dtors)
 *(EXCLUDE_FILE(*crtend.o *crtend?.o) .dtors)
 *(SORT_BY_NAME(.dtors.*))
 *(.dtors)
 *(.eh_frame*)
 .eh_frame      0x0000000010005bd0        0x0 /usr/local/Cellar/arm-none-eabi-gcc/9-2019-q4-major/gcc/bin/../lib/gcc/arm-none-eabi/9.2.1/thumb/v6-m/nofp/crtbegin.o
                0x0000000010005bd0                . = ALIGN (0x4)

.glue_7         0x0000000010005bd0        0x0
 .glue_7        0x0000000010005bd0        0x0 linker stubs

.glue_7t        0x0000000010005bd0        0x0
 .glue_7t       0x0000000010005bd0        0x0 linker stubs

.vfp11_veneer   0x0000000010005bd0        0x0
 .vfp11_veneer  0x0000000010005bd0        0x0 linker stubs

.v4_bx          0x0000000010005bd0        0x0
 .v4_bx         0x0000000010005bd0        0x0 linker stubs

.iplt           0x0000000010005bd0        0x0
 .iplt          0x0000000010005bd0        0x0 /usr/local/Cellar/arm-none-eabi-gcc/9-2019-q4-major/gcc/bin/../lib/gcc/arm-none-eabi/9.2.1/thumb/v6-m/nofp/crtbegin.o

.rodata         0x0000000010005bd0       0xf8
 *(EXCLUDE_FILE(*libm.a: *libc.a:*lib_a-mem*.o *libgcc.a:) .rodata*)
 .rodata.hardware_alarm_claim.str1.4
                0x0000000010005bd0       0x22 CMakeFiles/pico_rom.dir/Users/nickbild/working/pico_sdk/pico-sdk/src/rp2_common/hardware_timer/timer.c.obj
 *fill*         0x0000000010005bf2        0x2 
 .rodata.panic.str1.4
                0x0000000010005bf4       0x12 CMakeFiles/pico_rom.dir/Users/nickbild/working/pico_sdk/pico-sdk/src/rp2_common/pico_runtime/runtime.c.obj
 *fill*         0x0000000010005c06        0x2 
 .rodata.hard_assertion_failure.str1.4
                0x0000000010005c08        0xc CMakeFiles/pico_rom.dir/Users/nickbild/working/pico_sdk/pico-sdk/src/rp2_common/pico_runtime/runtime.c.obj
 .rodata.str1.4
                0x0000000010005c14       0x80 CMakeFiles/pico_rom.dir/Users/nickbild/working/pico_sdk/pico-sdk/src/rp2_common/pico_standard_link/binary_info.c.obj
 .rodata.__bi_40
                0x0000000010005c94        0xc CMakeFiles/pico_rom.dir/Users/nickbild/working/pico_sdk/pico-sdk/src/rp2_common/pico_standard_link/binary_info.c.obj
 .rodata.__bi_65
                0x0000000010005ca0        0xc CMakeFiles/pico_rom.dir/Users/nickbild/working/pico_sdk/pico-sdk/src/rp2_common/pico_standard_link/binary_info.c.obj
 .rodata.__bi_71
                0x0000000010005cac        0xc CMakeFiles/pico_rom.dir/Users/nickbild/working/pico_sdk/pico-sdk/src/rp2_common/pico_standard_link/binary_info.c.obj
 .rodata.__bi_77
                0x0000000010005cb8        0xc CMakeFiles/pico_rom.dir/Users/nickbild/working/pico_sdk/pico-sdk/src/rp2_common/pico_standard_link/binary_info.c.obj
 .rodata.crlf_str.5866
                0x0000000010005cc4        0x2 CMakeFiles/pico_rom.dir/Users/nickbild/working/pico_sdk/pico-sdk/src/rp2_common/pico_stdio/stdio.c.obj
                0x0000000010005cc8                . = ALIGN (0x4)
 *fill*         0x0000000010005cc6        0x2 
 *(SORT_BY_ALIGNMENT(SORT_BY_NAME(.flashdata*)))
                0x0000000010005cc8                . = ALIGN (0x4)

.rel.dyn        0x0000000010005cc8        0x0
 .rel.iplt      0x0000000010005cc8        0x0 /usr/local/Cellar/arm-none-eabi-gcc/9-2019-q4-major/gcc/bin/../lib/gcc/arm-none-eabi/9.2.1/thumb/v6-m/nofp/crtbegin.o

.ARM.extab
 *(.ARM.extab* .gnu.linkonce.armextab.*)
                0x0000000010005cc8                __exidx_start = .

.ARM.exidx
 *(.ARM.exidx* .gnu.linkonce.armexidx.*)
                0x0000000010005cc8                __exidx_end = .
                0x0000000010005cc8                . = ALIGN (0x4)
                0x0000000010005cc8                __binary_info_start = .

.binary_info    0x0000000010005cc8       0x20
 *(.binary_info.keep.*)
 .binary_info.keep.__bi_ptr18
                0x0000000010005cc8        0x4 CMakeFiles/pico_rom.dir/Users/nickbild/working/pico_sdk/pico-sdk/src/rp2_common/pico_standard_link/binary_info.c.obj
 .binary_info.keep.__bi_ptr26
                0x0000000010005ccc        0x4 CMakeFiles/pico_rom.dir/Users/nickbild/working/pico_sdk/pico-sdk/src/rp2_common/pico_standard_link/binary_info.c.obj
 .binary_info.keep.__bi_ptr34
                0x0000000010005cd0        0x4 CMakeFiles/pico_rom.dir/Users/nickbild/working/pico_sdk/pico-sdk/src/rp2_common/pico_standard_link/binary_info.c.obj
 .binary_info.keep.__bi_ptr40
                0x0000000010005cd4        0x4 CMakeFiles/pico_rom.dir/Users/nickbild/working/pico_sdk/pico-sdk/src/rp2_common/pico_standard_link/binary_info.c.obj
 .binary_info.keep.__bi_ptr46
                0x0000000010005cd8        0x4 CMakeFiles/pico_rom.dir/Users/nickbild/working/pico_sdk/pico-sdk/src/rp2_common/pico_standard_link/binary_info.c.obj
 .binary_info.keep.__bi_ptr65
                0x0000000010005cdc        0x4 CMakeFiles/pico_rom.dir/Users/nickbild/working/pico_sdk/pico-sdk/src/rp2_common/pico_standard_link/binary_info.c.obj
 .binary_info.keep.__bi_ptr71
                0x0000000010005ce0        0x4 CMakeFiles/pico_rom.dir/Users/nickbild/working/pico_sdk/pico-sdk/src/rp2_common/pico_standard_link/binary_info.c.obj
 .binary_info.keep.__bi_ptr77
                0x0000000010005ce4        0x4 CMakeFiles/pico_rom.dir/Users/nickbild/working/pico_sdk/pico-sdk/src/rp2_common/pico_standard_link/binary_info.c.obj
 *(.binary_info.*)
                0x0000000010005ce8                __binary_info_end = .
                0x0000000010005ce8                . = ALIGN (0x4)
                0x0000000010005ce8                __etext = .

.ram_vector_table
                0x0000000020000000       0xc0
 *(.ram_vector_table)
 .ram_vector_table
                0x0000000020000000       0xc0 CMakeFiles/pico_rom.dir/Users/nickbild/working/pico_sdk/pico-sdk/src/rp2_common/pico_runtime/runtime.c.obj
                0x0000000020000000                ram_vector_table

.data           0x00000000200000c0      0x17c load address 0x0000000010005ce8
                0x00000000200000c0                __data_start__ = .
 *(vtable)
 *(.time_critical*)
 .time_critical.mutex_enter_blocking
                0x00000000200000c0       0x4c CMakeFiles/pico_rom.dir/Users/nickbild/working/pico_sdk/pico-sdk/src/common/pico_sync/mutex.c.obj
                0x00000000200000c0                mutex_enter_blocking
 .time_critical.mutex_try_enter
                0x000000002000010c       0x48 CMakeFiles/pico_rom.dir/Users/nickbild/working/pico_sdk/pico-sdk/src/common/pico_sync/mutex.c.obj
                0x000000002000010c                mutex_try_enter
 .time_critical.mutex_exit
                0x0000000020000154       0x28 CMakeFiles/pico_rom.dir/Users/nickbild/working/pico_sdk/pico-sdk/src/common/pico_sync/mutex.c.obj
                0x0000000020000154                mutex_exit
 *(.text*)
 .text          0x000000002000017c        0x4 /usr/local/Cellar/arm-none-eabi-gcc/9-2019-q4-major/gcc/bin/../lib/gcc/arm-none-eabi/9.2.1/thumb/v6-m/nofp/libgcc.a(_dvmd_tls.o)
                0x000000002000017c                __aeabi_ldiv0
                0x000000002000017c                __aeabi_idiv0
                0x0000000020000180                . = ALIGN (0x4)
 *(.rodata*)
                0x0000000020000180                . = ALIGN (0x4)
 *(.data*)
 .data.striped_spin_lock_num
                0x0000000020000180        0x1 CMakeFiles/pico_rom.dir/Users/nickbild/working/pico_sdk/pico-sdk/src/rp2_common/hardware_sync/sync.c.obj
 *fill*         0x0000000020000181        0x3 
 .data.default_alarm_pool
                0x0000000020000184       0x18 CMakeFiles/pico_rom.dir/Users/nickbild/working/pico_sdk/pico-sdk/src/common/pico_time/time.c.obj
 .data.default_alarm_pool_heap
                0x000000002000019c       0x10 CMakeFiles/pico_rom.dir/Users/nickbild/working/pico_sdk/pico-sdk/src/common/pico_time/time.c.obj
 .data          0x00000000200001ac       0x48 CMakeFiles/pico_rom.dir/Users/nickbild/working/pico_sdk/pico-sdk/src/rp2_common/hardware_irq/irq_handler_chain.S.obj
                0x00000000200001ac                irq_handler_chain_slots
                0x00000000200001dc                irq_handler_chain_first_slot
                0x00000000200001e6                irq_handler_chain_remove_tail
 *fill*         0x00000000200001f4        0xc 
 .data.aeabi_bits_funcs
                0x0000000020000200       0x10 CMakeFiles/pico_rom.dir/Users/nickbild/working/pico_sdk/pico-sdk/src/rp2_common/pico_bit_ops/bit_ops_aeabi.S.obj
                0x0000000020000200                aeabi_bits_funcs
                0x0000000020000210                aeabi_bits_funcs_end
 .data.aeabi_mem_funcs
                0x0000000020000210       0x10 CMakeFiles/pico_rom.dir/Users/nickbild/working/pico_sdk/pico-sdk/src/rp2_common/pico_mem_ops/mem_ops_aeabi.S.obj
                0x0000000020000210                aeabi_mem_funcs
                0x0000000020000220                aeabi_mem_funcs_end
                0x0000000020000220                . = ALIGN (0x4)
 *(.after_data.*)
                0x0000000020000220                . = ALIGN (0x4)
                0x0000000020000220                PROVIDE (__mutex_array_start = .)
 *(SORT_BY_NAME(.mutex_array.*))
 *(.mutex_array)
 .mutex_array   0x0000000020000220        0x8 CMakeFiles/pico_rom.dir/Users/nickbild/working/pico_sdk/pico-sdk/src/rp2_common/pico_stdio/stdio.c.obj
                0x0000000020000228                PROVIDE (__mutex_array_end = .)
                0x0000000020000228                . = ALIGN (0x4)
                0x0000000020000228                PROVIDE (__preinit_array_start = .)
 *(SORT_BY_NAME(.preinit_array.*))
 .preinit_array.00001
                0x0000000020000228        0x4 CMakeFiles/pico_rom.dir/Users/nickbild/working/pico_sdk/pico-sdk/src/rp2_common/pico_mem_ops/mem_ops_aeabi.S.obj
 .preinit_array.00010
                0x000000002000022c        0x4 CMakeFiles/pico_rom.dir/Users/nickbild/working/pico_sdk/pico-sdk/src/rp2_common/pico_bit_ops/bit_ops_aeabi.S.obj
 .preinit_array.00020
                0x0000000020000230        0x4 CMakeFiles/pico_rom.dir/Users/nickbild/working/pico_sdk/pico-sdk/src/rp2_common/pico_double/double_aeabi.S.obj
 .preinit_array.00020
                0x0000000020000234        0x4 CMakeFiles/pico_rom.dir/Users/nickbild/working/pico_sdk/pico-sdk/src/rp2_common/pico_float/float_aeabi.S.obj
 *(.preinit_array)
                0x0000000020000238                PROVIDE (__preinit_array_end = .)
                0x0000000020000238                . = ALIGN (0x4)
                0x0000000020000238                PROVIDE (__init_array_start = .)
 *(SORT_BY_NAME(.init_array.*))
 *(.init_array)
 .init_array    0x0000000020000238        0x4 /usr/local/Cellar/arm-none-eabi-gcc/9-2019-q4-major/gcc/bin/../lib/gcc/arm-none-eabi/9.2.1/thumb/v6-m/nofp/crtbegin.o
                0x000000002000023c                PROVIDE (__init_array_end = .)
                0x000000002000023c                . = ALIGN (0x4)
                [!provide]                        PROVIDE (__fini_array_start = .)
 *(SORT_BY_NAME(.fini_array.*))
 *(.fini_array)
                [!provide]                        PROVIDE (__fini_array_end = .)
 *(.jcr)
                0x000000002000023c                . = ALIGN (0x4)
                0x000000002000023c                __data_end__ = .

.igot.plt       0x000000002000023c        0x0 load address 0x0000000010005e64
 .igot.plt      0x000000002000023c        0x0 /usr/local/Cellar/arm-none-eabi-gcc/9-2019-q4-major/gcc/bin/../lib/gcc/arm-none-eabi/9.2.1/thumb/v6-m/nofp/crtbegin.o

.uninitialized_data
                0x000000002000023c        0x0 load address 0x0000000010005e64
                0x000000002000023c                . = ALIGN (0x4)
 *(.uninitialized_data*)

.scratch_x      0x0000000020040000        0x0 load address 0x0000000010005e64
                0x0000000020040000                __scratch_x_start__ = .
 *(.scratch_x.*)
                0x0000000020040000                . = ALIGN (0x4)
                0x0000000020040000                __scratch_x_end__ = .
                0x0000000010005e64                __scratch_x_source__ = LOADADDR (.scratch_x)

.scratch_y      0x0000000020041000        0x0 load address 0x0000000010005e64
                0x0000000020041000                __scratch_y_start__ = .
 *(.scratch_y.*)
                0x0000000020041000                . = ALIGN (0x4)
                0x0000000020041000                __scratch_y_end__ = .
                0x0000000010005e64                __scratch_y_source__ = LOADADDR (.scratch_y)

.bss            0x0000000020000240     0x83c8
                0x0000000020000240                . = ALIGN (0x4)
                0x0000000020000240                __bss_start__ = .
 *(SORT_BY_ALIGNMENT(SORT_BY_NAME(.bss*)))
 .bss.default_alarm_pool_entries
                0x0000000020000240      0x100 CMakeFiles/pico_rom.dir/Users/nickbild/working/pico_sdk/pico-sdk/src/common/pico_time/time.c.obj
 .bss           0x0000000020000340       0x1c /usr/local/Cellar/arm-none-eabi-gcc/9-2019-q4-major/gcc/bin/../lib/gcc/arm-none-eabi/9.2.1/thumb/v6-m/nofp/crtbegin.o
 .bss.alarm_callbacks
                0x000000002000035c       0x10 CMakeFiles/pico_rom.dir/Users/nickbild/working/pico_sdk/pico-sdk/src/rp2_common/hardware_timer/timer.c.obj
 .bss.configured_freq
                0x000000002000036c       0x28 CMakeFiles/pico_rom.dir/Users/nickbild/working/pico_sdk/pico-sdk/src/rp2_common/hardware_clocks/clocks.c.obj
 .bss.default_alarm_pool_entry_ids_high
                0x0000000020000394       0x10 CMakeFiles/pico_rom.dir/Users/nickbild/working/pico_sdk/pico-sdk/src/common/pico_time/time.c.obj
 .bss.default_alarm_pool_heap_nodes
                0x00000000200003a4       0x30 CMakeFiles/pico_rom.dir/Users/nickbild/working/pico_sdk/pico-sdk/src/common/pico_time/time.c.obj
 .bss.drivers   0x00000000200003d4        0x4 CMakeFiles/pico_rom.dir/Users/nickbild/working/pico_sdk/pico-sdk/src/rp2_common/pico_stdio/stdio.c.obj
 .bss.filter    0x00000000200003d8        0x4 CMakeFiles/pico_rom.dir/Users/nickbild/working/pico_sdk/pico-sdk/src/rp2_common/pico_stdio/stdio.c.obj
 .bss.lazy_vsnprintf
                0x00000000200003dc        0x4 CMakeFiles/pico_rom.dir/Users/nickbild/working/pico_sdk/pico-sdk/src/rp2_common/pico_printf/printf.c.obj
 .bss.pools     0x00000000200003e0       0x10 CMakeFiles/pico_rom.dir/Users/nickbild/working/pico_sdk/pico-sdk/src/common/pico_time/time.c.obj
 .bss.rom_contents
                0x00000000200003f0     0x8000 CMakeFiles/pico_rom.dir/rom.c.obj
                0x00000000200003f0                rom_contents
 .bss.target_hi
                0x00000000200083f0       0x10 CMakeFiles/pico_rom.dir/Users/nickbild/working/pico_sdk/pico-sdk/src/rp2_common/hardware_timer/timer.c.obj
 .bss.claimed   0x0000000020008400        0x1 CMakeFiles/pico_rom.dir/Users/nickbild/working/pico_sdk/pico-sdk/src/rp2_common/hardware_timer/timer.c.obj
 .bss.irq_hander_chain_free_slot_head
                0x0000000020008401        0x1 CMakeFiles/pico_rom.dir/Users/nickbild/working/pico_sdk/pico-sdk/src/rp2_common/hardware_irq/irq.c.obj
 .bss.timer_callbacks_pending
                0x0000000020008402        0x1 CMakeFiles/pico_rom.dir/Users/nickbild/working/pico_sdk/pico-sdk/src/rp2_common/hardware_timer/timer.c.obj
 *(COMMON)
 *fill*         0x0000000020008403        0x1 
 COMMON         0x0000000020008404      0x100 CMakeFiles/pico_rom.dir/Users/nickbild/working/pico_sdk/pico-sdk/src/rp2_common/pico_double/double_init_rom.c.obj
                0x0000000020008404                sd_table
 COMMON         0x0000000020008504      0x104 CMakeFiles/pico_rom.dir/Users/nickbild/working/pico_sdk/pico-sdk/src/rp2_common/pico_float/float_init_rom.c.obj
                0x0000000020008504                sf_table
                0x0000000020008604                sf_clz_func
                0x0000000020008608                . = ALIGN (0x4)
                0x0000000020008608                __bss_end__ = .

.heap           0x0000000020008608      0x800
                0x0000000020008608                __end__ = .
                0x0000000020008608                end = __end__
 *(.heap*)
 .heap          0x0000000020008608      0x800 CMakeFiles/pico_rom.dir/Users/nickbild/working/pico_sdk/pico-sdk/src/rp2_common/pico_standard_link/crt0.S.obj
                0x0000000020008e08                __HeapLimit = .

.stack1_dummy   0x0000000020040000        0x0
 *(.stack1*)

.stack_dummy    0x0000000020041000      0x800
 *(.stack*)
 .stack         0x0000000020041000      0x800 CMakeFiles/pico_rom.dir/Users/nickbild/working/pico_sdk/pico-sdk/src/rp2_common/pico_standard_link/crt0.S.obj

.flash_end      0x0000000010005e64        0x0
                0x0000000010005e64                __flash_binary_end = .
                0x0000000020040000                __StackLimit = (ORIGIN (RAM) + LENGTH (RAM))
                0x0000000020041000                __StackOneTop = (ORIGIN (SCRATCH_X) + LENGTH (SCRATCH_X))
                0x0000000020042000                __StackTop = (ORIGIN (SCRATCH_Y) + LENGTH (SCRATCH_Y))
                0x0000000020041000                __StackOneBottom = (__StackOneTop - SIZEOF (.stack1_dummy))
                0x0000000020041800                __StackBottom = (__StackTop - SIZEOF (.stack_dummy))
                0x0000000020042000                PROVIDE (__stack = __StackTop)
                0x0000000000000001                ASSERT ((__StackLimit >= __HeapLimit), region RAM overflowed)
                0x0000000000000001                ASSERT (((__binary_info_header_end - __logical_binary_start) <= 0x100), Binary info must be in first 256 bytes of the binary)
LOAD CMakeFiles/pico_rom.dir/rom.c.obj
LOAD CMakeFiles/pico_rom.dir/Users/nickbild/working/pico_sdk/pico-sdk/src/rp2_common/pico_stdlib/stdlib.c.obj
LOAD CMakeFiles/pico_rom.dir/Users/nickbild/working/pico_sdk/pico-sdk/src/rp2_common/hardware_gpio/gpio.c.obj
LOAD CMakeFiles/pico_rom.dir/Users/nickbild/working/pico_sdk/pico-sdk/src/rp2_common/hardware_claim/claim.c.obj
LOAD CMakeFiles/pico_rom.dir/Users/nickbild/working/pico_sdk/pico-sdk/src/rp2_common/hardware_sync/sync.c.obj
LOAD CMakeFiles/pico_rom.dir/Users/nickbild/working/pico_sdk/pico-sdk/src/rp2_common/pico_platform/platform.c.obj
LOAD CMakeFiles/pico_rom.dir/Users/nickbild/working/pico_sdk/pico-sdk/src/rp2_common/hardware_uart/uart.c.obj
LOAD CMakeFiles/pico_rom.dir/Users/nickbild/working/pico_sdk/pico-sdk/src/rp2_common/hardware_divider/divider.S.obj
LOAD CMakeFiles/pico_rom.dir/Users/nickbild/working/pico_sdk/pico-sdk/src/common/pico_time/time.c.obj
LOAD CMakeFiles/pico_rom.dir/Users/nickbild/working/pico_sdk/pico-sdk/src/common/pico_time/timeout_helper.c.obj
LOAD CMakeFiles/pico_rom.dir/Users/nickbild/working/pico_sdk/pico-sdk/src/rp2_common/hardware_timer/timer.c.obj
LOAD CMakeFiles/pico_rom.dir/Users/nickbild/working/pico_sdk/pico-sdk/src/common/pico_sync/sem.c.obj
LOAD CMakeFiles/pico_rom.dir/Users/nickbild/working/pico_sdk/pico-sdk/src/common/pico_sync/lock_core.c.obj
LOAD CMakeFiles/pico_rom.dir/Users/nickbild/working/pico_sdk/pico-sdk/src/common/pico_sync/mutex.c.obj
LOAD CMakeFiles/pico_rom.dir/Users/nickbild/working/pico_sdk/pico-sdk/src/common/pico_sync/critical_section.c.obj
LOAD CMakeFiles/pico_rom.dir/Users/nickbild/working/pico_sdk/pico-sdk/src/common/pico_util/datetime.c.obj
LOAD CMakeFiles/pico_rom.dir/Users/nickbild/working/pico_sdk/pico-sdk/src/common/pico_util/pheap.c.obj
LOAD CMakeFiles/pico_rom.dir/Users/nickbild/working/pico_sdk/pico-sdk/src/common/pico_util/queue.c.obj
LOAD CMakeFiles/pico_rom.dir/Users/nickbild/working/pico_sdk/pico-sdk/src/rp2_common/pico_runtime/runtime.c.obj
LOAD CMakeFiles/pico_rom.dir/Users/nickbild/working/pico_sdk/pico-sdk/src/rp2_common/hardware_clocks/clocks.c.obj
LOAD CMakeFiles/pico_rom.dir/Users/nickbild/working/pico_sdk/pico-sdk/src/rp2_common/hardware_watchdog/watchdog.c.obj
LOAD CMakeFiles/pico_rom.dir/Users/nickbild/working/pico_sdk/pico-sdk/src/rp2_common/hardware_xosc/xosc.c.obj
LOAD CMakeFiles/pico_rom.dir/Users/nickbild/working/pico_sdk/pico-sdk/src/rp2_common/hardware_pll/pll.c.obj
LOAD CMakeFiles/pico_rom.dir/Users/nickbild/working/pico_sdk/pico-sdk/src/rp2_common/hardware_vreg/vreg.c.obj
LOAD CMakeFiles/pico_rom.dir/Users/nickbild/working/pico_sdk/pico-sdk/src/rp2_common/hardware_irq/irq.c.obj
LOAD CMakeFiles/pico_rom.dir/Users/nickbild/working/pico_sdk/pico-sdk/src/rp2_common/hardware_irq/irq_handler_chain.S.obj
LOAD CMakeFiles/pico_rom.dir/Users/nickbild/working/pico_sdk/pico-sdk/src/rp2_common/pico_printf/printf.c.obj
LOAD CMakeFiles/pico_rom.dir/Users/nickbild/working/pico_sdk/pico-sdk/src/rp2_common/pico_bit_ops/bit_ops_aeabi.S.obj
LOAD CMakeFiles/pico_rom.dir/Users/nickbild/working/pico_sdk/pico-sdk/src/rp2_common/pico_bootrom/bootrom.c.obj
LOAD CMakeFiles/pico_rom.dir/Users/nickbild/working/pico_sdk/pico-sdk/src/rp2_common/pico_divider/divider.S.obj
LOAD CMakeFiles/pico_rom.dir/Users/nickbild/working/pico_sdk/pico-sdk/src/rp2_common/pico_double/double_aeabi.S.obj
LOAD CMakeFiles/pico_rom.dir/Users/nickbild/working/pico_sdk/pico-sdk/src/rp2_common/pico_double/double_init_rom.c.obj
LOAD CMakeFiles/pico_rom.dir/Users/nickbild/working/pico_sdk/pico-sdk/src/rp2_common/pico_double/double_math.c.obj
LOAD CMakeFiles/pico_rom.dir/Users/nickbild/working/pico_sdk/pico-sdk/src/rp2_common/pico_double/double_v1_rom_shim.S.obj
LOAD CMakeFiles/pico_rom.dir/Users/nickbild/working/pico_sdk/pico-sdk/src/rp2_common/pico_int64_ops/pico_int64_ops_aeabi.S.obj
LOAD CMakeFiles/pico_rom.dir/Users/nickbild/working/pico_sdk/pico-sdk/src/rp2_common/pico_float/float_aeabi.S.obj
LOAD CMakeFiles/pico_rom.dir/Users/nickbild/working/pico_sdk/pico-sdk/src/rp2_common/pico_float/float_init_rom.c.obj
LOAD CMakeFiles/pico_rom.dir/Users/nickbild/working/pico_sdk/pico-sdk/src/rp2_common/pico_float/float_math.c.obj
LOAD CMakeFiles/pico_rom.dir/Users/nickbild/working/pico_sdk/pico-sdk/src/rp2_common/pico_float/float_v1_rom_shim.S.obj
LOAD CMakeFiles/pico_rom.dir/Users/nickbild/working/pico_sdk/pico-sdk/src/rp2_common/pico_malloc/pico_malloc.c.obj
LOAD CMakeFiles/pico_rom.dir/Users/nickbild/working/pico_sdk/pico-sdk/src/rp2_common/pico_mem_ops/mem_ops_aeabi.S.obj
LOAD CMakeFiles/pico_rom.dir/Users/nickbild/working/pico_sdk/pico-sdk/src/rp2_common/pico_standard_link/crt0.S.obj
LOAD CMakeFiles/pico_rom.dir/Users/nickbild/working/pico_sdk/pico-sdk/src/rp2_common/pico_standard_link/new_delete.cpp.obj
LOAD CMakeFiles/pico_rom.dir/Users/nickbild/working/pico_sdk/pico-sdk/src/rp2_common/pico_standard_link/binary_info.c.obj
LOAD CMakeFiles/pico_rom.dir/Users/nickbild/working/pico_sdk/pico-sdk/src/rp2_common/pico_stdio/stdio.c.obj
LOAD CMakeFiles/pico_rom.dir/Users/nickbild/working/pico_sdk/pico-sdk/src/rp2_common/pico_stdio_usb/reset_interface.c.obj
LOAD CMakeFiles/pico_rom.dir/Users/nickbild/working/pico_sdk/pico-sdk/src/rp2_common/pico_stdio_usb/stdio_usb.c.obj
LOAD CMakeFiles/pico_rom.dir/Users/nickbild/working/pico_sdk/pico-sdk/src/rp2_common/pico_stdio_usb/stdio_usb_descriptors.c.obj
LOAD CMakeFiles/pico_rom.dir/Users/nickbild/working/pico_sdk/pico-sdk/lib/tinyusb/src/portable/raspberrypi/rp2040/dcd_rp2040.c.obj
LOAD CMakeFiles/pico_rom.dir/Users/nickbild/working/pico_sdk/pico-sdk/lib/tinyusb/src/portable/raspberrypi/rp2040/rp2040_usb.c.obj
LOAD CMakeFiles/pico_rom.dir/Users/nickbild/working/pico_sdk/pico-sdk/lib/tinyusb/src/device/usbd.c.obj
LOAD CMakeFiles/pico_rom.dir/Users/nickbild/working/pico_sdk/pico-sdk/lib/tinyusb/src/device/usbd_control.c.obj
LOAD CMakeFiles/pico_rom.dir/Users/nickbild/working/pico_sdk/pico-sdk/lib/tinyusb/src/class/audio/audio_device.c.obj
LOAD CMakeFiles/pico_rom.dir/Users/nickbild/working/pico_sdk/pico-sdk/lib/tinyusb/src/class/cdc/cdc_device.c.obj
LOAD CMakeFiles/pico_rom.dir/Users/nickbild/working/pico_sdk/pico-sdk/lib/tinyusb/src/class/dfu/dfu_rt_device.c.obj
LOAD CMakeFiles/pico_rom.dir/Users/nickbild/working/pico_sdk/pico-sdk/lib/tinyusb/src/class/hid/hid_device.c.obj
LOAD CMakeFiles/pico_rom.dir/Users/nickbild/working/pico_sdk/pico-sdk/lib/tinyusb/src/class/midi/midi_device.c.obj
LOAD CMakeFiles/pico_rom.dir/Users/nickbild/working/pico_sdk/pico-sdk/lib/tinyusb/src/class/msc/msc_device.c.obj
LOAD CMakeFiles/pico_rom.dir/Users/nickbild/working/pico_sdk/pico-sdk/lib/tinyusb/src/class/net/net_device.c.obj
LOAD CMakeFiles/pico_rom.dir/Users/nickbild/working/pico_sdk/pico-sdk/lib/tinyusb/src/class/usbtmc/usbtmc_device.c.obj
LOAD CMakeFiles/pico_rom.dir/Users/nickbild/working/pico_sdk/pico-sdk/lib/tinyusb/src/class/vendor/vendor_device.c.obj
LOAD CMakeFiles/pico_rom.dir/Users/nickbild/working/pico_sdk/pico-sdk/lib/tinyusb/src/tusb.c.obj
LOAD CMakeFiles/pico_rom.dir/Users/nickbild/working/pico_sdk/pico-sdk/lib/tinyusb/src/common/tusb_fifo.c.obj
LOAD CMakeFiles/pico_rom.dir/Users/nickbild/working/pico_sdk/pico-sdk/src/rp2_common/pico_fix/rp2040_usb_device_enumeration/rp2040_usb_device_enumeration.c.obj
LOAD /var/folders/95/mwwtsfmx2_59nhnnl3dm94gw0000gn/T//ccpecTJe.o
LOAD /usr/local/Cellar/arm-none-eabi-gcc/9-2019-q4-major/gcc/bin/../lib/gcc/arm-none-eabi/9.2.1/../../../../arm-none-eabi/lib/thumb/v6-m/nofp/libstdc++.a
LOAD /usr/local/Cellar/arm-none-eabi-gcc/9-2019-q4-major/gcc/bin/../lib/gcc/arm-none-eabi/9.2.1/../../../../arm-none-eabi/lib/thumb/v6-m/nofp/libm.a
START GROUP
LOAD /usr/local/Cellar/arm-none-eabi-gcc/9-2019-q4-major/gcc/bin/../lib/gcc/arm-none-eabi/9.2.1/thumb/v6-m/nofp/libgcc.a
LOAD /usr/local/Cellar/arm-none-eabi-gcc/9-2019-q4-major/gcc/bin/../lib/gcc/arm-none-eabi/9.2.1/../../../../arm-none-eabi/lib/thumb/v6-m/nofp/libc.a
END GROUP
START GROUP
LOAD /usr/local/Cellar/arm-none-eabi-gcc/9-2019-q4-major/gcc/bin/../lib/gcc/arm-none-eabi/9.2.1/thumb/v6-m/nofp/libgcc.a
LOAD /usr/local/Cellar/arm-none-eabi-gcc/9-2019-q4-major/gcc/bin/../lib/gcc/arm-none-eabi/9.2.1/../../../../arm-none-eabi/lib/thumb/v6-m/nofp/libc.a
LOAD /usr/local/Cellar/arm-none-eabi-gcc/9-2019-q4-major/gcc/bin/../lib/gcc/arm-none-eabi/9.2.1/../../../../arm-none-eabi/lib/thumb/v6-m/nofp/libnosys.a
END GROUP
LOAD /usr/local/Cellar/arm-none-eabi-gcc/9-2019-q4-major/gcc/bin/../lib/gcc/arm-none-eabi/9.2.1/thumb/v6-m/nofp/crtend.o
LOAD /usr/local/Cellar/arm-none-eabi-gcc/9-2019-q4-major/gcc/bin/../lib/gcc/arm-none-eabi/9.2.1/thumb/v6-m/nofp/crtn.o
OUTPUT(pico_rom.elf elf32-littlearm)

.ARM.attributes
                0x0000000000000000       0x28
 .ARM.attributes
                0x0000000000000000       0x1e /usr/local/Cellar/arm-none-eabi-gcc/9-2019-q4-major/gcc/bin/../lib/gcc/arm-none-eabi/9.2.1/thumb/v6-m/nofp/crti.o
 .ARM.attributes
                0x000000000000001e       0x2c /usr/local/Cellar/arm-none-eabi-gcc/9-2019-q4-major/gcc/bin/../lib/gcc/arm-none-eabi/9.2.1/thumb/v6-m/nofp/crtbegin.o
 .ARM.attributes
                0x000000000000004a       0x2b CMakeFiles/pico_rom.dir/rom.c.obj
 .ARM.attributes
                0x0000000000000075       0x2b CMakeFiles/pico_rom.dir/Users/nickbild/working/pico_sdk/pico-sdk/src/rp2_common/pico_stdlib/stdlib.c.obj
 .ARM.attributes
                0x00000000000000a0       0x2b CMakeFiles/pico_rom.dir/Users/nickbild/working/pico_sdk/pico-sdk/src/rp2_common/hardware_gpio/gpio.c.obj
 .ARM.attributes
                0x00000000000000cb       0x2b CMakeFiles/pico_rom.dir/Users/nickbild/working/pico_sdk/pico-sdk/src/rp2_common/hardware_claim/claim.c.obj
 .ARM.attributes
                0x00000000000000f6       0x2b CMakeFiles/pico_rom.dir/Users/nickbild/working/pico_sdk/pico-sdk/src/rp2_common/hardware_sync/sync.c.obj
 .ARM.attributes
                0x0000000000000121       0x2b CMakeFiles/pico_rom.dir/Users/nickbild/working/pico_sdk/pico-sdk/src/rp2_common/pico_platform/platform.c.obj
 .ARM.attributes
                0x000000000000014c       0x2b CMakeFiles/pico_rom.dir/Users/nickbild/working/pico_sdk/pico-sdk/src/common/pico_time/time.c.obj
 .ARM.attributes
                0x0000000000000177       0x2b CMakeFiles/pico_rom.dir/Users/nickbild/working/pico_sdk/pico-sdk/src/rp2_common/hardware_timer/timer.c.obj
 .ARM.attributes
                0x00000000000001a2       0x2b CMakeFiles/pico_rom.dir/Users/nickbild/working/pico_sdk/pico-sdk/src/common/pico_sync/lock_core.c.obj
 .ARM.attributes
                0x00000000000001cd       0x2b CMakeFiles/pico_rom.dir/Users/nickbild/working/pico_sdk/pico-sdk/src/common/pico_sync/mutex.c.obj
 .ARM.attributes
                0x00000000000001f8       0x2b CMakeFiles/pico_rom.dir/Users/nickbild/working/pico_sdk/pico-sdk/src/common/pico_util/pheap.c.obj
 .ARM.attributes
                0x0000000000000223       0x2b CMakeFiles/pico_rom.dir/Users/nickbild/working/pico_sdk/pico-sdk/src/rp2_common/pico_runtime/runtime.c.obj
 .ARM.attributes
                0x000000000000024e       0x2b CMakeFiles/pico_rom.dir/Users/nickbild/working/pico_sdk/pico-sdk/src/rp2_common/hardware_clocks/clocks.c.obj
 .ARM.attributes
                0x0000000000000279       0x2b CMakeFiles/pico_rom.dir/Users/nickbild/working/pico_sdk/pico-sdk/src/rp2_common/hardware_watchdog/watchdog.c.obj
 .ARM.attributes
                0x00000000000002a4       0x2b CMakeFiles/pico_rom.dir/Users/nickbild/working/pico_sdk/pico-sdk/src/rp2_common/hardware_xosc/xosc.c.obj
 .ARM.attributes
                0x00000000000002cf       0x2b CMakeFiles/pico_rom.dir/Users/nickbild/working/pico_sdk/pico-sdk/src/rp2_common/hardware_pll/pll.c.obj
 .ARM.attributes
                0x00000000000002fa       0x2b CMakeFiles/pico_rom.dir/Users/nickbild/working/pico_sdk/pico-sdk/src/rp2_common/hardware_vreg/vreg.c.obj
 .ARM.attributes
                0x0000000000000325       0x2b CMakeFiles/pico_rom.dir/Users/nickbild/working/pico_sdk/pico-sdk/src/rp2_common/hardware_irq/irq.c.obj
 .ARM.attributes
                0x0000000000000350       0x22 CMakeFiles/pico_rom.dir/Users/nickbild/working/pico_sdk/pico-sdk/src/rp2_common/hardware_irq/irq_handler_chain.S.obj
 .ARM.attributes
                0x0000000000000372       0x2b CMakeFiles/pico_rom.dir/Users/nickbild/working/pico_sdk/pico-sdk/src/rp2_common/pico_printf/printf.c.obj
 .ARM.attributes
                0x000000000000039d       0x22 CMakeFiles/pico_rom.dir/Users/nickbild/working/pico_sdk/pico-sdk/src/rp2_common/pico_bit_ops/bit_ops_aeabi.S.obj
 .ARM.attributes
                0x00000000000003bf       0x2b CMakeFiles/pico_rom.dir/Users/nickbild/working/pico_sdk/pico-sdk/src/rp2_common/pico_bootrom/bootrom.c.obj
 .ARM.attributes
                0x00000000000003ea       0x22 CMakeFiles/pico_rom.dir/Users/nickbild/working/pico_sdk/pico-sdk/src/rp2_common/pico_divider/divider.S.obj
 .ARM.attributes
                0x000000000000040c       0x22 CMakeFiles/pico_rom.dir/Users/nickbild/working/pico_sdk/pico-sdk/src/rp2_common/pico_double/double_aeabi.S.obj
 .ARM.attributes
                0x000000000000042e       0x2b CMakeFiles/pico_rom.dir/Users/nickbild/working/pico_sdk/pico-sdk/src/rp2_common/pico_double/double_init_rom.c.obj
 .ARM.attributes
                0x0000000000000459       0x22 CMakeFiles/pico_rom.dir/Users/nickbild/working/pico_sdk/pico-sdk/src/rp2_common/pico_double/double_v1_rom_shim.S.obj
 .ARM.attributes
                0x000000000000047b       0x22 CMakeFiles/pico_rom.dir/Users/nickbild/working/pico_sdk/pico-sdk/src/rp2_common/pico_float/float_aeabi.S.obj
 .ARM.attributes
                0x000000000000049d       0x2b CMakeFiles/pico_rom.dir/Users/nickbild/working/pico_sdk/pico-sdk/src/rp2_common/pico_float/float_init_rom.c.obj
 .ARM.attributes
                0x00000000000004c8       0x22 CMakeFiles/pico_rom.dir/Users/nickbild/working/pico_sdk/pico-sdk/src/rp2_common/pico_float/float_v1_rom_shim.S.obj
 .ARM.attributes
                0x00000000000004ea       0x22 CMakeFiles/pico_rom.dir/Users/nickbild/working/pico_sdk/pico-sdk/src/rp2_common/pico_mem_ops/mem_ops_aeabi.S.obj
 .ARM.attributes
                0x000000000000050c       0x22 CMakeFiles/pico_rom.dir/Users/nickbild/working/pico_sdk/pico-sdk/src/rp2_common/pico_standard_link/crt0.S.obj
 .ARM.attributes
                0x000000000000052e       0x32 CMakeFiles/pico_rom.dir/Users/nickbild/working/pico_sdk/pico-sdk/src/rp2_common/pico_standard_link/binary_info.c.obj
 .ARM.attributes
                0x0000000000000560       0x2b CMakeFiles/pico_rom.dir/Users/nickbild/working/pico_sdk/pico-sdk/src/rp2_common/pico_stdio/stdio.c.obj
 .ARM.attributes
                0x000000000000058b       0x22 /var/folders/95/mwwtsfmx2_59nhnnl3dm94gw0000gn/T//ccpecTJe.o
 .ARM.attributes
                0x00000000000005ad       0x1e /usr/local/Cellar/arm-none-eabi-gcc/9-2019-q4-major/gcc/bin/../lib/gcc/arm-none-eabi/9.2.1/thumb/v6-m/nofp/libgcc.a(_dvmd_tls.o)
 .ARM.attributes
                0x00000000000005cb       0x2c /usr/local/Cellar/arm-none-eabi-gcc/9-2019-q4-major/gcc/bin/../lib/gcc/arm-none-eabi/9.2.1/../../../../arm-none-eabi/lib/thumb/v6-m/nofp/libc.a(lib_a-strlen-stub.o)

.comment        0x0000000000000000       0x79
 .comment       0x0000000000000000       0x79 CMakeFiles/pico_rom.dir/rom.c.obj
                                         0x7a (size before relaxing)
 .comment       0x0000000000000079       0x7a CMakeFiles/pico_rom.dir/Users/nickbild/working/pico_sdk/pico-sdk/src/rp2_common/pico_stdlib/stdlib.c.obj
 .comment       0x0000000000000079       0x7a CMakeFiles/pico_rom.dir/Users/nickbild/working/pico_sdk/pico-sdk/src/rp2_common/hardware_gpio/gpio.c.obj
 .comment       0x0000000000000079       0x7a CMakeFiles/pico_rom.dir/Users/nickbild/working/pico_sdk/pico-sdk/src/rp2_common/hardware_claim/claim.c.obj
 .comment       0x0000000000000079       0x7a CMakeFiles/pico_rom.dir/Users/nickbild/working/pico_sdk/pico-sdk/src/rp2_common/hardware_sync/sync.c.obj
 .comment       0x0000000000000079       0x7a CMakeFiles/pico_rom.dir/Users/nickbild/working/pico_sdk/pico-sdk/src/rp2_common/pico_platform/platform.c.obj
 .comment       0x0000000000000079       0x7a CMakeFiles/pico_rom.dir/Users/nickbild/working/pico_sdk/pico-sdk/src/common/pico_time/time.c.obj
 .comment       0x0000000000000079       0x7a CMakeFiles/pico_rom.dir/Users/nickbild/working/pico_sdk/pico-sdk/src/rp2_common/hardware_timer/timer.c.obj
 .comment       0x0000000000000079       0x7a CMakeFiles/pico_rom.dir/Users/nickbild/working/pico_sdk/pico-sdk/src/common/pico_sync/lock_core.c.obj
 .comment       0x0000000000000079       0x7a CMakeFiles/pico_rom.dir/Users/nickbild/working/pico_sdk/pico-sdk/src/common/pico_sync/mutex.c.obj
 .comment       0x0000000000000079       0x7a CMakeFiles/pico_rom.dir/Users/nickbild/working/pico_sdk/pico-sdk/src/common/pico_util/pheap.c.obj
 .comment       0x0000000000000079       0x7a CMakeFiles/pico_rom.dir/Users/nickbild/working/pico_sdk/pico-sdk/src/rp2_common/pico_runtime/runtime.c.obj
 .comment       0x0000000000000079       0x7a CMakeFiles/pico_rom.dir/Users/nickbild/working/pico_sdk/pico-sdk/src/rp2_common/hardware_clocks/clocks.c.obj
 .comment       0x0000000000000079       0x7a CMakeFiles/pico_rom.dir/Users/nickbild/working/pico_sdk/pico-sdk/src/rp2_common/hardware_watchdog/watchdog.c.obj
 .comment       0x0000000000000079       0x7a CMakeFiles/pico_rom.dir/Users/nickbild/working/pico_sdk/pico-sdk/src/rp2_common/hardware_xosc/xosc.c.obj
 .comment       0x0000000000000079       0x7a CMakeFiles/pico_rom.dir/Users/nickbild/working/pico_sdk/pico-sdk/src/rp2_common/hardware_pll/pll.c.obj
 .comment       0x0000000000000079       0x7a CMakeFiles/pico_rom.dir/Users/nickbild/working/pico_sdk/pico-sdk/src/rp2_common/hardware_vreg/vreg.c.obj
 .comment       0x0000000000000079       0x7a CMakeFiles/pico_rom.dir/Users/nickbild/working/pico_sdk/pico-sdk/src/rp2_common/hardware_irq/irq.c.obj
 .comment       0x0000000000000079       0x7a CMakeFiles/pico_rom.dir/Users/nickbild/working/pico_sdk/pico-sdk/src/rp2_common/pico_printf/printf.c.obj
 .comment       0x0000000000000079       0x7a CMakeFiles/pico_rom.dir/Users/nickbild/working/pico_sdk/pico-sdk/src/rp2_common/pico_bootrom/bootrom.c.obj
 .comment       0x0000000000000079       0x7a CMakeFiles/pico_rom.dir/Users/nickbild/working/pico_sdk/pico-sdk/src/rp2_common/pico_double/double_init_rom.c.obj
 .comment       0x0000000000000079       0x7a CMakeFiles/pico_rom.dir/Users/nickbild/working/pico_sdk/pico-sdk/src/rp2_common/pico_float/float_init_rom.c.obj
 .comment       0x0000000000000079       0x7a CMakeFiles/pico_rom.dir/Users/nickbild/working/pico_sdk/pico-sdk/src/rp2_common/pico_standard_link/binary_info.c.obj
 .comment       0x0000000000000079       0x7a CMakeFiles/pico_rom.dir/Users/nickbild/working/pico_sdk/pico-sdk/src/rp2_common/pico_stdio/stdio.c.obj

.debug_frame    0x0000000000000000       0x28
 .debug_frame   0x0000000000000000       0x28 /usr/local/Cellar/arm-none-eabi-gcc/9-2019-q4-major/gcc/bin/../lib/gcc/arm-none-eabi/9.2.1/../../../../arm-none-eabi/lib/thumb/v6-m/nofp/libc.a(lib_a-strlen-stub.o)
